Archive member included because of file (symbol)

c:/winavr-20090306rc1/bin/../lib/gcc/avr/4.3.2/avr5\libgcc.a(_exit.o)
                              c:/winavr-20090306rc1/bin/../lib/gcc/avr/4.3.2/../../../../avr/lib/avr5/crtm16.o (exit)
c:/winavr-20090306rc1/bin/../lib/gcc/avr/4.3.2/avr5\libgcc.a(_copy_data.o)
                              fft256_test.o (__do_copy_data)
c:/winavr-20090306rc1/bin/../lib/gcc/avr/4.3.2/avr5\libgcc.a(_clear_bss.o)
                              fft256_test.o (__do_clear_bss)
c:/winavr-20090306rc1/bin/../lib/gcc/avr/4.3.2/avr5\libgcc.a(_addsub_sf.o)
                              fft256_test.o (__addsf3)
c:/winavr-20090306rc1/bin/../lib/gcc/avr/4.3.2/avr5\libgcc.a(_mul_sf.o)
                              fft256_test.o (__mulsf3)
c:/winavr-20090306rc1/bin/../lib/gcc/avr/4.3.2/avr5\libgcc.a(_div_sf.o)
                              fft256_test.o (__divsf3)
c:/winavr-20090306rc1/bin/../lib/gcc/avr/4.3.2/avr5\libgcc.a(_si_to_sf.o)
                              fft256_test.o (__floatsisf)
c:/winavr-20090306rc1/bin/../lib/gcc/avr/4.3.2/avr5\libgcc.a(_thenan_sf.o)
                              c:/winavr-20090306rc1/bin/../lib/gcc/avr/4.3.2/avr5\libgcc.a(_addsub_sf.o) (__thenan_sf)
c:/winavr-20090306rc1/bin/../lib/gcc/avr/4.3.2/avr5\libgcc.a(_prologue.o)
                              c:/winavr-20090306rc1/bin/../lib/gcc/avr/4.3.2/avr5\libgcc.a(_addsub_sf.o) (__prologue_saves__)
c:/winavr-20090306rc1/bin/../lib/gcc/avr/4.3.2/avr5\libgcc.a(_epilogue.o)
                              c:/winavr-20090306rc1/bin/../lib/gcc/avr/4.3.2/avr5\libgcc.a(_addsub_sf.o) (__epilogue_restores__)
c:/winavr-20090306rc1/bin/../lib/gcc/avr/4.3.2/avr5\libgcc.a(_clzsi2.o)
                              c:/winavr-20090306rc1/bin/../lib/gcc/avr/4.3.2/avr5\libgcc.a(_si_to_sf.o) (__clzsi2)
c:/winavr-20090306rc1/bin/../lib/gcc/avr/4.3.2/avr5\libgcc.a(_pack_sf.o)
                              c:/winavr-20090306rc1/bin/../lib/gcc/avr/4.3.2/avr5\libgcc.a(_addsub_sf.o) (__pack_f)
c:/winavr-20090306rc1/bin/../lib/gcc/avr/4.3.2/avr5\libgcc.a(_unpack_sf.o)
                              c:/winavr-20090306rc1/bin/../lib/gcc/avr/4.3.2/avr5\libgcc.a(_addsub_sf.o) (__unpack_f)
c:/winavr-20090306rc1/bin/../lib/gcc/avr/4.3.2/avr5\libgcc.a(_clz.o)
                              c:/winavr-20090306rc1/bin/../lib/gcc/avr/4.3.2/avr5\libgcc.a(_clzsi2.o) (__clz_tab)
c:/winavr-20090306rc1/bin/../lib/gcc/avr/4.3.2/../../../../avr/lib/avr5\libc.a(atan.o)
                              fft256_test.o (atan)
c:/winavr-20090306rc1/bin/../lib/gcc/avr/4.3.2/../../../../avr/lib/avr5\libc.a(cos.o)
                              fft256_test.o (cos)
c:/winavr-20090306rc1/bin/../lib/gcc/avr/4.3.2/../../../../avr/lib/avr5\libc.a(fp_powser.o)
                              c:/winavr-20090306rc1/bin/../lib/gcc/avr/4.3.2/../../../../avr/lib/avr5\libc.a(atan.o) (__fp_powser)
c:/winavr-20090306rc1/bin/../lib/gcc/avr/4.3.2/../../../../avr/lib/avr5\libc.a(fp_rempio2.o)
                              c:/winavr-20090306rc1/bin/../lib/gcc/avr/4.3.2/../../../../avr/lib/avr5\libc.a(cos.o) (__fp_rempio2)
c:/winavr-20090306rc1/bin/../lib/gcc/avr/4.3.2/../../../../avr/lib/avr5\libc.a(fp_round.o)
                              c:/winavr-20090306rc1/bin/../lib/gcc/avr/4.3.2/../../../../avr/lib/avr5\libc.a(atan.o) (__fp_round)
c:/winavr-20090306rc1/bin/../lib/gcc/avr/4.3.2/../../../../avr/lib/avr5\libc.a(fp_sinus.o)
                              c:/winavr-20090306rc1/bin/../lib/gcc/avr/4.3.2/../../../../avr/lib/avr5\libc.a(cos.o) (__fp_sinus)
c:/winavr-20090306rc1/bin/../lib/gcc/avr/4.3.2/../../../../avr/lib/avr5\libc.a(fp_split3.o)
                              c:/winavr-20090306rc1/bin/../lib/gcc/avr/4.3.2/../../../../avr/lib/avr5\libc.a(fp_rempio2.o) (__fp_splitA)
c:/winavr-20090306rc1/bin/../lib/gcc/avr/4.3.2/../../../../avr/lib/avr5\libc.a(inverse.o)
                              c:/winavr-20090306rc1/bin/../lib/gcc/avr/4.3.2/../../../../avr/lib/avr5\libc.a(atan.o) (inverse)
c:/winavr-20090306rc1/bin/../lib/gcc/avr/4.3.2/../../../../avr/lib/avr5\libc.a(mulsf3x.o)
                              c:/winavr-20090306rc1/bin/../lib/gcc/avr/4.3.2/../../../../avr/lib/avr5\libc.a(atan.o) (__mulsf3x)
c:/winavr-20090306rc1/bin/../lib/gcc/avr/4.3.2/../../../../avr/lib/avr5\libc.a(sin.o)
                              fft256_test.o (sin)
c:/winavr-20090306rc1/bin/../lib/gcc/avr/4.3.2/../../../../avr/lib/avr5\libc.a(sqrt.o)
                              fft256_test.o (sqrt)
c:/winavr-20090306rc1/bin/../lib/gcc/avr/4.3.2/../../../../avr/lib/avr5\libc.a(square.o)
                              c:/winavr-20090306rc1/bin/../lib/gcc/avr/4.3.2/../../../../avr/lib/avr5\libc.a(atan.o) (square)
c:/winavr-20090306rc1/bin/../lib/gcc/avr/4.3.2/../../../../avr/lib/avr5\libc.a(addsf3x.o)
                              c:/winavr-20090306rc1/bin/../lib/gcc/avr/4.3.2/../../../../avr/lib/avr5\libc.a(atan.o) (__addsf3x)
c:/winavr-20090306rc1/bin/../lib/gcc/avr/4.3.2/../../../../avr/lib/avr5\libc.a(fp_inf.o)
                              c:/winavr-20090306rc1/bin/../lib/gcc/avr/4.3.2/../../../../avr/lib/avr5\libc.a(mulsf3x.o) (__fp_inf)
c:/winavr-20090306rc1/bin/../lib/gcc/avr/4.3.2/../../../../avr/lib/avr5\libc.a(fp_mpack.o)
                              c:/winavr-20090306rc1/bin/../lib/gcc/avr/4.3.2/../../../../avr/lib/avr5\libc.a(sqrt.o) (__fp_mpack)
c:/winavr-20090306rc1/bin/../lib/gcc/avr/4.3.2/../../../../avr/lib/avr5\libc.a(fp_nan.o)
                              c:/winavr-20090306rc1/bin/../lib/gcc/avr/4.3.2/../../../../avr/lib/avr5\libc.a(fp_rempio2.o) (__fp_nan)
c:/winavr-20090306rc1/bin/../lib/gcc/avr/4.3.2/../../../../avr/lib/avr5\libc.a(fp_norm2.o)
                              c:/winavr-20090306rc1/bin/../lib/gcc/avr/4.3.2/../../../../avr/lib/avr5\libc.a(sqrt.o) (__fp_norm2)
c:/winavr-20090306rc1/bin/../lib/gcc/avr/4.3.2/../../../../avr/lib/avr5\libc.a(fp_powsodd.o)
                              c:/winavr-20090306rc1/bin/../lib/gcc/avr/4.3.2/../../../../avr/lib/avr5\libc.a(fp_sinus.o) (__fp_powsodd)
c:/winavr-20090306rc1/bin/../lib/gcc/avr/4.3.2/../../../../avr/lib/avr5\libc.a(fp_pscA.o)
                              c:/winavr-20090306rc1/bin/../lib/gcc/avr/4.3.2/../../../../avr/lib/avr5\libc.a(mulsf3x.o) (__fp_pscA)
c:/winavr-20090306rc1/bin/../lib/gcc/avr/4.3.2/../../../../avr/lib/avr5\libc.a(fp_pscB.o)
                              c:/winavr-20090306rc1/bin/../lib/gcc/avr/4.3.2/../../../../avr/lib/avr5\libc.a(mulsf3x.o) (__fp_pscB)
c:/winavr-20090306rc1/bin/../lib/gcc/avr/4.3.2/../../../../avr/lib/avr5\libc.a(fp_zero.o)
                              c:/winavr-20090306rc1/bin/../lib/gcc/avr/4.3.2/../../../../avr/lib/avr5\libc.a(addsf3x.o) (__fp_zero)

Allocating common symbols
Common symbol       size              file

out_r               0x20              fft256_test.o
out_i               0x20              fft256_test.o
output_meg          0x20              fft256_test.o
output_phs          0x20              fft256_test.o

Memory Configuration

Name             Origin             Length             Attributes
text             0x00000000         0x00020000         xr
data             0x00800060         0x0000ffa0         rw !x
eeprom           0x00810000         0x00010000         rw !x
fuse             0x00820000         0x00000400         rw !x
lock             0x00830000         0x00000400         rw !x
signature        0x00840000         0x00000400         rw !x
*default*        0x00000000         0xffffffff

Linker script and memory map

LOAD c:/winavr-20090306rc1/bin/../lib/gcc/avr/4.3.2/../../../../avr/lib/avr5/crtm16.o
LOAD fft256_test.o
LOAD c:/winavr-20090306rc1/bin/../lib/gcc/avr/4.3.2/avr5\libgcc.a
LOAD c:/winavr-20090306rc1/bin/../lib/gcc/avr/4.3.2/../../../../avr/lib/avr5\libc.a
LOAD c:/winavr-20090306rc1/bin/../lib/gcc/avr/4.3.2/avr5\libgcc.a

.hash
 *(.hash)

.dynsym
 *(.dynsym)

.dynstr
 *(.dynstr)

.gnu.version
 *(.gnu.version)

.gnu.version_d
 *(.gnu.version_d)

.gnu.version_r
 *(.gnu.version_r)

.rel.init
 *(.rel.init)

.rela.init
 *(.rela.init)

.rel.text
 *(.rel.text)
 *(.rel.text.*)
 *(.rel.gnu.linkonce.t*)

.rela.text
 *(.rela.text)
 *(.rela.text.*)
 *(.rela.gnu.linkonce.t*)

.rel.fini
 *(.rel.fini)

.rela.fini
 *(.rela.fini)

.rel.rodata
 *(.rel.rodata)
 *(.rel.rodata.*)
 *(.rel.gnu.linkonce.r*)

.rela.rodata
 *(.rela.rodata)
 *(.rela.rodata.*)
 *(.rela.gnu.linkonce.r*)

.rel.data
 *(.rel.data)
 *(.rel.data.*)
 *(.rel.gnu.linkonce.d*)

.rela.data
 *(.rela.data)
 *(.rela.data.*)
 *(.rela.gnu.linkonce.d*)

.rel.ctors
 *(.rel.ctors)

.rela.ctors
 *(.rela.ctors)

.rel.dtors
 *(.rel.dtors)

.rela.dtors
 *(.rela.dtors)

.rel.got
 *(.rel.got)

.rela.got
 *(.rela.got)

.rel.bss
 *(.rel.bss)

.rela.bss
 *(.rela.bss)

.rel.plt
 *(.rel.plt)

.rela.plt
 *(.rela.plt)

.text           0x00000000     0x12ac
 *(.vectors)
 .vectors       0x00000000       0x54 c:/winavr-20090306rc1/bin/../lib/gcc/avr/4.3.2/../../../../avr/lib/avr5/crtm16.o
                0x00000000                __vectors
                0x00000000                __vector_default
 *(.vectors)
 *(.progmem.gcc*)
 .progmem.gcc_fplib
                0x00000054       0x2d c:/winavr-20090306rc1/bin/../lib/gcc/avr/4.3.2/../../../../avr/lib/avr5\libc.a(atan.o)
 .progmem.gcc_fplib
                0x00000081       0x1e c:/winavr-20090306rc1/bin/../lib/gcc/avr/4.3.2/../../../../avr/lib/avr5\libc.a(fp_sinus.o)
 *(.progmem*)
                0x000000a0                . = ALIGN (0x2)
 *fill*         0x0000009f        0x1 00
                0x000000a0                __trampolines_start = .
 *(.trampolines)
 .trampolines   0x000000a0        0x0 linker stubs
 *(.trampolines*)
                0x000000a0                __trampolines_end = .
 *(.jumptables)
 *(.jumptables*)
 *(.lowtext)
 *(.lowtext*)
                0x000000a0                __ctors_start = .
 *(.ctors)
                0x000000a0                __ctors_end = .
                0x000000a0                __dtors_start = .
 *(.dtors)
                0x000000a0                __dtors_end = .
 SORT(*)(.ctors)
 SORT(*)(.dtors)
 *(.init0)
 .init0         0x000000a0        0x0 c:/winavr-20090306rc1/bin/../lib/gcc/avr/4.3.2/../../../../avr/lib/avr5/crtm16.o
                0x000000a0                __init
 *(.init0)
 *(.init1)
 *(.init1)
 *(.init2)
 .init2         0x000000a0        0xc c:/winavr-20090306rc1/bin/../lib/gcc/avr/4.3.2/../../../../avr/lib/avr5/crtm16.o
 *(.init2)
 *(.init3)
 *(.init3)
 *(.init4)
 .init4         0x000000ac       0x16 c:/winavr-20090306rc1/bin/../lib/gcc/avr/4.3.2/avr5\libgcc.a(_copy_data.o)
                0x000000ac                __do_copy_data
 .init4         0x000000c2       0x10 c:/winavr-20090306rc1/bin/../lib/gcc/avr/4.3.2/avr5\libgcc.a(_clear_bss.o)
                0x000000c2                __do_clear_bss
 *(.init4)
 *(.init5)
 *(.init5)
 *(.init6)
 *(.init6)
 *(.init7)
 *(.init7)
 *(.init8)
 *(.init8)
 *(.init9)
 .init9         0x000000d2        0x8 c:/winavr-20090306rc1/bin/../lib/gcc/avr/4.3.2/../../../../avr/lib/avr5/crtm16.o
 *(.init9)
 *(.text)
 .text          0x000000da        0x4 c:/winavr-20090306rc1/bin/../lib/gcc/avr/4.3.2/../../../../avr/lib/avr5/crtm16.o
                0x000000da                __vector_1
                0x000000da                __vector_12
                0x000000da                __bad_interrupt
                0x000000da                __vector_6
                0x000000da                __vector_3
                0x000000da                __vector_11
                0x000000da                __vector_13
                0x000000da                __vector_17
                0x000000da                __vector_19
                0x000000da                __vector_7
                0x000000da                __vector_5
                0x000000da                __vector_4
                0x000000da                __vector_9
                0x000000da                __vector_2
                0x000000da                __vector_15
                0x000000da                __vector_8
                0x000000da                __vector_14
                0x000000da                __vector_10
                0x000000da                __vector_16
                0x000000da                __vector_18
                0x000000da                __vector_20
 .text          0x000000de      0x2a2 fft256_test.o
                0x00000234                multi_r
                0x00000126                meg_k
                0x000001ae                multi_i
                0x000002ba                X_k
                0x00000360                main
                0x000000de                phs_k
 .text          0x00000380        0x0 c:/winavr-20090306rc1/bin/../lib/gcc/avr/4.3.2/avr5\libgcc.a(_exit.o)
 .text          0x00000380        0x0 c:/winavr-20090306rc1/bin/../lib/gcc/avr/4.3.2/avr5\libgcc.a(_copy_data.o)
 .text          0x00000380        0x0 c:/winavr-20090306rc1/bin/../lib/gcc/avr/4.3.2/avr5\libgcc.a(_clear_bss.o)
 .text          0x00000380      0x354 c:/winavr-20090306rc1/bin/../lib/gcc/avr/4.3.2/avr5\libgcc.a(_addsub_sf.o)
                0x00000618                __subsf3
                0x0000067a                __addsf3
 .text          0x000006d4      0x1f4 c:/winavr-20090306rc1/bin/../lib/gcc/avr/4.3.2/avr5\libgcc.a(_mul_sf.o)
                0x000006d4                __mulsf3
 .text          0x000008c8      0x158 c:/winavr-20090306rc1/bin/../lib/gcc/avr/4.3.2/avr5\libgcc.a(_div_sf.o)
                0x000008c8                __divsf3
 .text          0x00000a20       0xbc c:/winavr-20090306rc1/bin/../lib/gcc/avr/4.3.2/avr5\libgcc.a(_si_to_sf.o)
                0x00000a20                __floatsisf
 .text          0x00000adc        0x0 c:/winavr-20090306rc1/bin/../lib/gcc/avr/4.3.2/avr5\libgcc.a(_thenan_sf.o)
 .text          0x00000adc        0x0 c:/winavr-20090306rc1/bin/../lib/gcc/avr/4.3.2/avr5\libgcc.a(_prologue.o)
 .text          0x00000adc        0x0 c:/winavr-20090306rc1/bin/../lib/gcc/avr/4.3.2/avr5\libgcc.a(_epilogue.o)
 .text          0x00000adc       0x9e c:/winavr-20090306rc1/bin/../lib/gcc/avr/4.3.2/avr5\libgcc.a(_clzsi2.o)
                0x00000adc                __clzsi2
 .text          0x00000b7a      0x1aa c:/winavr-20090306rc1/bin/../lib/gcc/avr/4.3.2/avr5\libgcc.a(_pack_sf.o)
                0x00000b7a                __pack_f
 .text          0x00000d24       0xf0 c:/winavr-20090306rc1/bin/../lib/gcc/avr/4.3.2/avr5\libgcc.a(_unpack_sf.o)
                0x00000d24                __unpack_f
 .text          0x00000e14        0x0 c:/winavr-20090306rc1/bin/../lib/gcc/avr/4.3.2/avr5\libgcc.a(_clz.o)
 .text          0x00000e14        0x0 c:/winavr-20090306rc1/bin/../lib/gcc/avr/4.3.2/../../../../avr/lib/avr5\libc.a(atan.o)
 .text          0x00000e14        0x0 c:/winavr-20090306rc1/bin/../lib/gcc/avr/4.3.2/../../../../avr/lib/avr5\libc.a(cos.o)
 .text          0x00000e14        0x0 c:/winavr-20090306rc1/bin/../lib/gcc/avr/4.3.2/../../../../avr/lib/avr5\libc.a(fp_powser.o)
 .text          0x00000e14        0x0 c:/winavr-20090306rc1/bin/../lib/gcc/avr/4.3.2/../../../../avr/lib/avr5\libc.a(fp_rempio2.o)
 .text          0x00000e14        0x0 c:/winavr-20090306rc1/bin/../lib/gcc/avr/4.3.2/../../../../avr/lib/avr5\libc.a(fp_round.o)
 .text          0x00000e14        0x0 c:/winavr-20090306rc1/bin/../lib/gcc/avr/4.3.2/../../../../avr/lib/avr5\libc.a(fp_sinus.o)
 .text          0x00000e14        0x0 c:/winavr-20090306rc1/bin/../lib/gcc/avr/4.3.2/../../../../avr/lib/avr5\libc.a(fp_split3.o)
 .text          0x00000e14        0x0 c:/winavr-20090306rc1/bin/../lib/gcc/avr/4.3.2/../../../../avr/lib/avr5\libc.a(inverse.o)
 .text          0x00000e14        0x0 c:/winavr-20090306rc1/bin/../lib/gcc/avr/4.3.2/../../../../avr/lib/avr5\libc.a(mulsf3x.o)
 .text          0x00000e14        0x0 c:/winavr-20090306rc1/bin/../lib/gcc/avr/4.3.2/../../../../avr/lib/avr5\libc.a(sin.o)
 .text          0x00000e14        0x0 c:/winavr-20090306rc1/bin/../lib/gcc/avr/4.3.2/../../../../avr/lib/avr5\libc.a(sqrt.o)
 .text          0x00000e14        0x0 c:/winavr-20090306rc1/bin/../lib/gcc/avr/4.3.2/../../../../avr/lib/avr5\libc.a(square.o)
 .text          0x00000e14        0x0 c:/winavr-20090306rc1/bin/../lib/gcc/avr/4.3.2/../../../../avr/lib/avr5\libc.a(addsf3x.o)
 .text          0x00000e14        0x0 c:/winavr-20090306rc1/bin/../lib/gcc/avr/4.3.2/../../../../avr/lib/avr5\libc.a(fp_inf.o)
 .text          0x00000e14        0x0 c:/winavr-20090306rc1/bin/../lib/gcc/avr/4.3.2/../../../../avr/lib/avr5\libc.a(fp_mpack.o)
 .text          0x00000e14        0x0 c:/winavr-20090306rc1/bin/../lib/gcc/avr/4.3.2/../../../../avr/lib/avr5\libc.a(fp_nan.o)
 .text          0x00000e14        0x0 c:/winavr-20090306rc1/bin/../lib/gcc/avr/4.3.2/../../../../avr/lib/avr5\libc.a(fp_norm2.o)
 .text          0x00000e14        0x0 c:/winavr-20090306rc1/bin/../lib/gcc/avr/4.3.2/../../../../avr/lib/avr5\libc.a(fp_powsodd.o)
 .text          0x00000e14        0x0 c:/winavr-20090306rc1/bin/../lib/gcc/avr/4.3.2/../../../../avr/lib/avr5\libc.a(fp_pscA.o)
 .text          0x00000e14        0x0 c:/winavr-20090306rc1/bin/../lib/gcc/avr/4.3.2/../../../../avr/lib/avr5\libc.a(fp_pscB.o)
 .text          0x00000e14        0x0 c:/winavr-20090306rc1/bin/../lib/gcc/avr/4.3.2/../../../../avr/lib/avr5\libc.a(fp_zero.o)
                0x00000e14                . = ALIGN (0x2)
 *(.text.*)
 .text.libgcc   0x00000e14        0x0 c:/winavr-20090306rc1/bin/../lib/gcc/avr/4.3.2/avr5\libgcc.a(_exit.o)
 .text.libgcc   0x00000e14        0x0 c:/winavr-20090306rc1/bin/../lib/gcc/avr/4.3.2/avr5\libgcc.a(_copy_data.o)
 .text.libgcc   0x00000e14        0x0 c:/winavr-20090306rc1/bin/../lib/gcc/avr/4.3.2/avr5\libgcc.a(_clear_bss.o)
 .text.libgcc   0x00000e14       0x38 c:/winavr-20090306rc1/bin/../lib/gcc/avr/4.3.2/avr5\libgcc.a(_prologue.o)
                0x00000e14                __prologue_saves__
 .text.libgcc   0x00000e4c       0x36 c:/winavr-20090306rc1/bin/../lib/gcc/avr/4.3.2/avr5\libgcc.a(_epilogue.o)
                0x00000e4c                __epilogue_restores__
 .text.fplib    0x00000e82       0x50 c:/winavr-20090306rc1/bin/../lib/gcc/avr/4.3.2/../../../../avr/lib/avr5\libc.a(atan.o)
                0x00000e82                atan
 .text.fplib    0x00000ed2        0x6 c:/winavr-20090306rc1/bin/../lib/gcc/avr/4.3.2/../../../../avr/lib/avr5\libc.a(cos.o)
                0x00000ed2                cos
 .text.fplib    0x00000ed8       0x4a c:/winavr-20090306rc1/bin/../lib/gcc/avr/4.3.2/../../../../avr/lib/avr5\libc.a(fp_powser.o)
                0x00000ed8                __fp_powser
 .text.fplib    0x00000f22       0x50 c:/winavr-20090306rc1/bin/../lib/gcc/avr/4.3.2/../../../../avr/lib/avr5\libc.a(fp_rempio2.o)
                0x00000f24                __fp_rempio2
 .text.fplib    0x00000f72       0x22 c:/winavr-20090306rc1/bin/../lib/gcc/avr/4.3.2/../../../../avr/lib/avr5\libc.a(fp_round.o)
                0x00000f72                __fp_round
 .text.fplib    0x00000f94       0x22 c:/winavr-20090306rc1/bin/../lib/gcc/avr/4.3.2/../../../../avr/lib/avr5\libc.a(fp_sinus.o)
                0x00000f94                __fp_sinus
 .text.fplib    0x00000fb6       0x44 c:/winavr-20090306rc1/bin/../lib/gcc/avr/4.3.2/../../../../avr/lib/avr5\libc.a(fp_split3.o)
                0x00000fb6                __fp_split3
                0x00000fc6                __fp_splitA
 .text.fplib    0x00000ffa        0xe c:/winavr-20090306rc1/bin/../lib/gcc/avr/4.3.2/../../../../avr/lib/avr5\libc.a(inverse.o)
                0x00000ffa                inverse
 .text.fplib    0x00001008       0xc2 c:/winavr-20090306rc1/bin/../lib/gcc/avr/4.3.2/../../../../avr/lib/avr5\libc.a(mulsf3x.o)
                0x00001020                __mulsf3_pse
                0x0000101c                __mulsf3x
 .text.fplib    0x000010ca        0xc c:/winavr-20090306rc1/bin/../lib/gcc/avr/4.3.2/../../../../avr/lib/avr5\libc.a(sin.o)
                0x000010ca                sin
 .text.fplib    0x000010d6       0x84 c:/winavr-20090306rc1/bin/../lib/gcc/avr/4.3.2/../../../../avr/lib/avr5\libc.a(sqrt.o)
                0x000010de                sqrt
 .text.fplib    0x0000115a        0x6 c:/winavr-20090306rc1/bin/../lib/gcc/avr/4.3.2/../../../../avr/lib/avr5\libc.a(square.o)
                0x0000115a                square
 .text.fplib    0x00001160       0xc0 c:/winavr-20090306rc1/bin/../lib/gcc/avr/4.3.2/../../../../avr/lib/avr5\libc.a(addsf3x.o)
                0x0000117a                __addsf3x
 .text.fplib    0x00001220        0xc c:/winavr-20090306rc1/bin/../lib/gcc/avr/4.3.2/../../../../avr/lib/avr5\libc.a(fp_inf.o)
                0x00001220                __fp_inf
 .text.fplib    0x0000122c       0x1c c:/winavr-20090306rc1/bin/../lib/gcc/avr/4.3.2/../../../../avr/lib/avr5\libc.a(fp_mpack.o)
                0x00001230                __fp_mpack_finite
                0x0000122c                __fp_mpack
 .text.fplib    0x00001248        0x6 c:/winavr-20090306rc1/bin/../lib/gcc/avr/4.3.2/../../../../avr/lib/avr5\libc.a(fp_nan.o)
                0x00001248                __fp_nan
 .text.fplib    0x0000124e        0xe c:/winavr-20090306rc1/bin/../lib/gcc/avr/4.3.2/../../../../avr/lib/avr5\libc.a(fp_norm2.o)
                0x0000124e                __fp_norm2
 .text.fplib    0x0000125c       0x22 c:/winavr-20090306rc1/bin/../lib/gcc/avr/4.3.2/../../../../avr/lib/avr5\libc.a(fp_powsodd.o)
                0x0000125c                __fp_powsodd
 .text.fplib    0x0000127e        0xe c:/winavr-20090306rc1/bin/../lib/gcc/avr/4.3.2/../../../../avr/lib/avr5\libc.a(fp_pscA.o)
                0x0000127e                __fp_pscA
 .text.fplib    0x0000128c        0xe c:/winavr-20090306rc1/bin/../lib/gcc/avr/4.3.2/../../../../avr/lib/avr5\libc.a(fp_pscB.o)
                0x0000128c                __fp_pscB
 .text.fplib    0x0000129a        0xe c:/winavr-20090306rc1/bin/../lib/gcc/avr/4.3.2/../../../../avr/lib/avr5\libc.a(fp_zero.o)
                0x0000129a                __fp_zero
                0x0000129c                __fp_szero
                0x000012a8                . = ALIGN (0x2)
 *(.fini9)
 .fini9         0x000012a8        0x0 c:/winavr-20090306rc1/bin/../lib/gcc/avr/4.3.2/avr5\libgcc.a(_exit.o)
                0x000012a8                exit
                0x000012a8                _exit
 *(.fini9)
 *(.fini8)
 *(.fini8)
 *(.fini7)
 *(.fini7)
 *(.fini6)
 *(.fini6)
 *(.fini5)
 *(.fini5)
 *(.fini4)
 *(.fini4)
 *(.fini3)
 *(.fini3)
 *(.fini2)
 *(.fini2)
 *(.fini1)
 *(.fini1)
 *(.fini0)
 .fini0         0x000012a8        0x4 c:/winavr-20090306rc1/bin/../lib/gcc/avr/4.3.2/avr5\libgcc.a(_exit.o)
 *(.fini0)
                0x000012ac                _etext = .

.data           0x00800060      0x110 load address 0x000012ac
                0x00800060                PROVIDE (__data_start, .)
 *(.data)
 .data          0x00800060        0x0 c:/winavr-20090306rc1/bin/../lib/gcc/avr/4.3.2/../../../../avr/lib/avr5/crtm16.o
 .data          0x00800060        0x8 fft256_test.o
                0x00800060                signal
 .data          0x00800068        0x0 c:/winavr-20090306rc1/bin/../lib/gcc/avr/4.3.2/avr5\libgcc.a(_exit.o)
 .data          0x00800068        0x0 c:/winavr-20090306rc1/bin/../lib/gcc/avr/4.3.2/avr5\libgcc.a(_copy_data.o)
 .data          0x00800068        0x0 c:/winavr-20090306rc1/bin/../lib/gcc/avr/4.3.2/avr5\libgcc.a(_clear_bss.o)
 .data          0x00800068        0x0 c:/winavr-20090306rc1/bin/../lib/gcc/avr/4.3.2/avr5\libgcc.a(_addsub_sf.o)
 .data          0x00800068        0x0 c:/winavr-20090306rc1/bin/../lib/gcc/avr/4.3.2/avr5\libgcc.a(_mul_sf.o)
 .data          0x00800068        0x0 c:/winavr-20090306rc1/bin/../lib/gcc/avr/4.3.2/avr5\libgcc.a(_div_sf.o)
 .data          0x00800068        0x0 c:/winavr-20090306rc1/bin/../lib/gcc/avr/4.3.2/avr5\libgcc.a(_si_to_sf.o)
 .data          0x00800068        0x8 c:/winavr-20090306rc1/bin/../lib/gcc/avr/4.3.2/avr5\libgcc.a(_thenan_sf.o)
                0x00800068                __thenan_sf
 .data          0x00800070        0x0 c:/winavr-20090306rc1/bin/../lib/gcc/avr/4.3.2/avr5\libgcc.a(_prologue.o)
 .data          0x00800070        0x0 c:/winavr-20090306rc1/bin/../lib/gcc/avr/4.3.2/avr5\libgcc.a(_epilogue.o)
 .data          0x00800070        0x0 c:/winavr-20090306rc1/bin/../lib/gcc/avr/4.3.2/avr5\libgcc.a(_clzsi2.o)
 .data          0x00800070        0x0 c:/winavr-20090306rc1/bin/../lib/gcc/avr/4.3.2/avr5\libgcc.a(_pack_sf.o)
 .data          0x00800070        0x0 c:/winavr-20090306rc1/bin/../lib/gcc/avr/4.3.2/avr5\libgcc.a(_unpack_sf.o)
 .data          0x00800070      0x100 c:/winavr-20090306rc1/bin/../lib/gcc/avr/4.3.2/avr5\libgcc.a(_clz.o)
                0x00800070                __clz_tab
 .data          0x00800170        0x0 c:/winavr-20090306rc1/bin/../lib/gcc/avr/4.3.2/../../../../avr/lib/avr5\libc.a(atan.o)
 .data          0x00800170        0x0 c:/winavr-20090306rc1/bin/../lib/gcc/avr/4.3.2/../../../../avr/lib/avr5\libc.a(cos.o)
 .data          0x00800170        0x0 c:/winavr-20090306rc1/bin/../lib/gcc/avr/4.3.2/../../../../avr/lib/avr5\libc.a(fp_powser.o)
 .data          0x00800170        0x0 c:/winavr-20090306rc1/bin/../lib/gcc/avr/4.3.2/../../../../avr/lib/avr5\libc.a(fp_rempio2.o)
 .data          0x00800170        0x0 c:/winavr-20090306rc1/bin/../lib/gcc/avr/4.3.2/../../../../avr/lib/avr5\libc.a(fp_round.o)
 .data          0x00800170        0x0 c:/winavr-20090306rc1/bin/../lib/gcc/avr/4.3.2/../../../../avr/lib/avr5\libc.a(fp_sinus.o)
 .data          0x00800170        0x0 c:/winavr-20090306rc1/bin/../lib/gcc/avr/4.3.2/../../../../avr/lib/avr5\libc.a(fp_split3.o)
 .data          0x00800170        0x0 c:/winavr-20090306rc1/bin/../lib/gcc/avr/4.3.2/../../../../avr/lib/avr5\libc.a(inverse.o)
 .data          0x00800170        0x0 c:/winavr-20090306rc1/bin/../lib/gcc/avr/4.3.2/../../../../avr/lib/avr5\libc.a(mulsf3x.o)
 .data          0x00800170        0x0 c:/winavr-20090306rc1/bin/../lib/gcc/avr/4.3.2/../../../../avr/lib/avr5\libc.a(sin.o)
 .data          0x00800170        0x0 c:/winavr-20090306rc1/bin/../lib/gcc/avr/4.3.2/../../../../avr/lib/avr5\libc.a(sqrt.o)
 .data          0x00800170        0x0 c:/winavr-20090306rc1/bin/../lib/gcc/avr/4.3.2/../../../../avr/lib/avr5\libc.a(square.o)
 .data          0x00800170        0x0 c:/winavr-20090306rc1/bin/../lib/gcc/avr/4.3.2/../../../../avr/lib/avr5\libc.a(addsf3x.o)
 .data          0x00800170        0x0 c:/winavr-20090306rc1/bin/../lib/gcc/avr/4.3.2/../../../../avr/lib/avr5\libc.a(fp_inf.o)
 .data          0x00800170        0x0 c:/winavr-20090306rc1/bin/../lib/gcc/avr/4.3.2/../../../../avr/lib/avr5\libc.a(fp_mpack.o)
 .data          0x00800170        0x0 c:/winavr-20090306rc1/bin/../lib/gcc/avr/4.3.2/../../../../avr/lib/avr5\libc.a(fp_nan.o)
 .data          0x00800170        0x0 c:/winavr-20090306rc1/bin/../lib/gcc/avr/4.3.2/../../../../avr/lib/avr5\libc.a(fp_norm2.o)
 .data          0x00800170        0x0 c:/winavr-20090306rc1/bin/../lib/gcc/avr/4.3.2/../../../../avr/lib/avr5\libc.a(fp_powsodd.o)
 .data          0x00800170        0x0 c:/winavr-20090306rc1/bin/../lib/gcc/avr/4.3.2/../../../../avr/lib/avr5\libc.a(fp_pscA.o)
 .data          0x00800170        0x0 c:/winavr-20090306rc1/bin/../lib/gcc/avr/4.3.2/../../../../avr/lib/avr5\libc.a(fp_pscB.o)
 .data          0x00800170        0x0 c:/winavr-20090306rc1/bin/../lib/gcc/avr/4.3.2/../../../../avr/lib/avr5\libc.a(fp_zero.o)
 *(.data*)
 *(.rodata)
 *(.rodata*)
 *(.gnu.linkonce.d*)
                0x00800170                . = ALIGN (0x2)
                0x00800170                _edata = .
                0x00800170                PROVIDE (__data_end, .)

.bss            0x00800170       0x80
                0x00800170                PROVIDE (__bss_start, .)
 *(.bss)
 .bss           0x00800170        0x0 c:/winavr-20090306rc1/bin/../lib/gcc/avr/4.3.2/../../../../avr/lib/avr5/crtm16.o
 .bss           0x00800170        0x0 fft256_test.o
 .bss           0x00800170        0x0 c:/winavr-20090306rc1/bin/../lib/gcc/avr/4.3.2/avr5\libgcc.a(_exit.o)
 .bss           0x00800170        0x0 c:/winavr-20090306rc1/bin/../lib/gcc/avr/4.3.2/avr5\libgcc.a(_copy_data.o)
 .bss           0x00800170        0x0 c:/winavr-20090306rc1/bin/../lib/gcc/avr/4.3.2/avr5\libgcc.a(_clear_bss.o)
 .bss           0x00800170        0x0 c:/winavr-20090306rc1/bin/../lib/gcc/avr/4.3.2/avr5\libgcc.a(_addsub_sf.o)
 .bss           0x00800170        0x0 c:/winavr-20090306rc1/bin/../lib/gcc/avr/4.3.2/avr5\libgcc.a(_mul_sf.o)
 .bss           0x00800170        0x0 c:/winavr-20090306rc1/bin/../lib/gcc/avr/4.3.2/avr5\libgcc.a(_div_sf.o)
 .bss           0x00800170        0x0 c:/winavr-20090306rc1/bin/../lib/gcc/avr/4.3.2/avr5\libgcc.a(_si_to_sf.o)
 .bss           0x00800170        0x0 c:/winavr-20090306rc1/bin/../lib/gcc/avr/4.3.2/avr5\libgcc.a(_thenan_sf.o)
 .bss           0x00800170        0x0 c:/winavr-20090306rc1/bin/../lib/gcc/avr/4.3.2/avr5\libgcc.a(_prologue.o)
 .bss           0x00800170        0x0 c:/winavr-20090306rc1/bin/../lib/gcc/avr/4.3.2/avr5\libgcc.a(_epilogue.o)
 .bss           0x00800170        0x0 c:/winavr-20090306rc1/bin/../lib/gcc/avr/4.3.2/avr5\libgcc.a(_clzsi2.o)
 .bss           0x00800170        0x0 c:/winavr-20090306rc1/bin/../lib/gcc/avr/4.3.2/avr5\libgcc.a(_pack_sf.o)
 .bss           0x00800170        0x0 c:/winavr-20090306rc1/bin/../lib/gcc/avr/4.3.2/avr5\libgcc.a(_unpack_sf.o)
 .bss           0x00800170        0x0 c:/winavr-20090306rc1/bin/../lib/gcc/avr/4.3.2/avr5\libgcc.a(_clz.o)
 .bss           0x00800170        0x0 c:/winavr-20090306rc1/bin/../lib/gcc/avr/4.3.2/../../../../avr/lib/avr5\libc.a(atan.o)
 .bss           0x00800170        0x0 c:/winavr-20090306rc1/bin/../lib/gcc/avr/4.3.2/../../../../avr/lib/avr5\libc.a(cos.o)
 .bss           0x00800170        0x0 c:/winavr-20090306rc1/bin/../lib/gcc/avr/4.3.2/../../../../avr/lib/avr5\libc.a(fp_powser.o)
 .bss           0x00800170        0x0 c:/winavr-20090306rc1/bin/../lib/gcc/avr/4.3.2/../../../../avr/lib/avr5\libc.a(fp_rempio2.o)
 .bss           0x00800170        0x0 c:/winavr-20090306rc1/bin/../lib/gcc/avr/4.3.2/../../../../avr/lib/avr5\libc.a(fp_round.o)
 .bss           0x00800170        0x0 c:/winavr-20090306rc1/bin/../lib/gcc/avr/4.3.2/../../../../avr/lib/avr5\libc.a(fp_sinus.o)
 .bss           0x00800170        0x0 c:/winavr-20090306rc1/bin/../lib/gcc/avr/4.3.2/../../../../avr/lib/avr5\libc.a(fp_split3.o)
 .bss           0x00800170        0x0 c:/winavr-20090306rc1/bin/../lib/gcc/avr/4.3.2/../../../../avr/lib/avr5\libc.a(inverse.o)
 .bss           0x00800170        0x0 c:/winavr-20090306rc1/bin/../lib/gcc/avr/4.3.2/../../../../avr/lib/avr5\libc.a(mulsf3x.o)
 .bss           0x00800170        0x0 c:/winavr-20090306rc1/bin/../lib/gcc/avr/4.3.2/../../../../avr/lib/avr5\libc.a(sin.o)
 .bss           0x00800170        0x0 c:/winavr-20090306rc1/bin/../lib/gcc/avr/4.3.2/../../../../avr/lib/avr5\libc.a(sqrt.o)
 .bss           0x00800170        0x0 c:/winavr-20090306rc1/bin/../lib/gcc/avr/4.3.2/../../../../avr/lib/avr5\libc.a(square.o)
 .bss           0x00800170        0x0 c:/winavr-20090306rc1/bin/../lib/gcc/avr/4.3.2/../../../../avr/lib/avr5\libc.a(addsf3x.o)
 .bss           0x00800170        0x0 c:/winavr-20090306rc1/bin/../lib/gcc/avr/4.3.2/../../../../avr/lib/avr5\libc.a(fp_inf.o)
 .bss           0x00800170        0x0 c:/winavr-20090306rc1/bin/../lib/gcc/avr/4.3.2/../../../../avr/lib/avr5\libc.a(fp_mpack.o)
 .bss           0x00800170        0x0 c:/winavr-20090306rc1/bin/../lib/gcc/avr/4.3.2/../../../../avr/lib/avr5\libc.a(fp_nan.o)
 .bss           0x00800170        0x0 c:/winavr-20090306rc1/bin/../lib/gcc/avr/4.3.2/../../../../avr/lib/avr5\libc.a(fp_norm2.o)
 .bss           0x00800170        0x0 c:/winavr-20090306rc1/bin/../lib/gcc/avr/4.3.2/../../../../avr/lib/avr5\libc.a(fp_powsodd.o)
 .bss           0x00800170        0x0 c:/winavr-20090306rc1/bin/../lib/gcc/avr/4.3.2/../../../../avr/lib/avr5\libc.a(fp_pscA.o)
 .bss           0x00800170        0x0 c:/winavr-20090306rc1/bin/../lib/gcc/avr/4.3.2/../../../../avr/lib/avr5\libc.a(fp_pscB.o)
 .bss           0x00800170        0x0 c:/winavr-20090306rc1/bin/../lib/gcc/avr/4.3.2/../../../../avr/lib/avr5\libc.a(fp_zero.o)
 *(.bss*)
 *(COMMON)
 COMMON         0x00800170       0x80 fft256_test.o
                0x00800170                out_r
                0x00800190                out_i
                0x008001b0                output_meg
                0x008001d0                output_phs
                0x008001f0                PROVIDE (__bss_end, .)
                0x000012ac                __data_load_start = LOADADDR (.data)
                0x000013bc                __data_load_end = (__data_load_start + SIZEOF (.data))

.noinit         0x008001f0        0x0
                0x008001f0                PROVIDE (__noinit_start, .)
 *(.noinit*)
                0x008001f0                PROVIDE (__noinit_end, .)
                0x008001f0                _end = .
                0x008001f0                PROVIDE (__heap_start, .)

.eeprom         0x00810000        0x0
 *(.eeprom*)
                0x00810000                __eeprom_end = .

.fuse
 *(.fuse)
 *(.lfuse)
 *(.hfuse)
 *(.efuse)

.lock
 *(.lock*)

.signature
 *(.signature*)

.stab           0x00000000      0x6b4
 *(.stab)
 .stab          0x00000000      0x6b4 c:/winavr-20090306rc1/bin/../lib/gcc/avr/4.3.2/../../../../avr/lib/avr5/crtm16.o

.stabstr        0x00000000       0x5f
 *(.stabstr)
 .stabstr       0x00000000       0x5f c:/winavr-20090306rc1/bin/../lib/gcc/avr/4.3.2/../../../../avr/lib/avr5/crtm16.o

.stab.excl
 *(.stab.excl)

.stab.exclstr
 *(.stab.exclstr)

.stab.index
 *(.stab.index)

.stab.indexstr
 *(.stab.indexstr)

.comment
 *(.comment)

.debug
 *(.debug)

.line
 *(.line)

.debug_srcinfo
 *(.debug_srcinfo)

.debug_sfnames
 *(.debug_sfnames)

.debug_aranges  0x00000000       0x20
 *(.debug_aranges)
 .debug_aranges
                0x00000000       0x20 fft256_test.o

.debug_pubnames
                0x00000000       0x8c
 *(.debug_pubnames)
 .debug_pubnames
                0x00000000       0x8c fft256_test.o

.debug_info     0x00000000      0x220
 *(.debug_info)
 .debug_info    0x00000000      0x220 fft256_test.o
 *(.gnu.linkonce.wi.*)

.debug_abbrev   0x00000000       0xea
 *(.debug_abbrev)
 .debug_abbrev  0x00000000       0xea fft256_test.o

.debug_line     0x00000000      0x131
 *(.debug_line)
 .debug_line    0x00000000      0x131 fft256_test.o

.debug_frame    0x00000000       0x70
 *(.debug_frame)
 .debug_frame   0x00000000       0x70 fft256_test.o

.debug_str      0x00000000       0xd8
 *(.debug_str)
 .debug_str     0x00000000       0xd8 fft256_test.o
                                0x10c (size before relaxing)

.debug_loc      0x00000000      0x102
 *(.debug_loc)
 .debug_loc     0x00000000      0x102 fft256_test.o

.debug_macinfo
 *(.debug_macinfo)
OUTPUT(fft256_test.elf elf32-avr)
LOAD linker stubs
